2026-09-26 15:41:21.789 [info] Reading sessions from keychain...
2026-09-26 15:41:21.789 [info] Getting sessions for all scopes...
2026-09-26 15:41:21.799 [info] Got 0 sessions for all scopes...
2026-09-26 15:41:21.799 [info] Getting sessions for all scopes...
2026-09-26 15:41:21.800 [info] Got 0 sessions for all scopes...
2026-09-26 15:41:21.800 [info] Getting sessions for all scopes...
2026-09-26 15:41:21.800 [info] Got 0 sessions for all scopes...
2026-09-26 15:41:21.800 [info] Getting sessions for all scopes...
2026-09-26 15:41:21.800 [info] Got 0 sessions for all scopes...
2026-09-26 15:41:21.807 [info] Getting sessions for all scopes...
2026-09-26 15:41:21.807 [info] Got 0 sessions for all scopes...
2026-09-26 15:41:21.850 [info] Getting sessions for all scopes...
2026-09-26 15:41:21.850 [info] Got 0 sessions for all scopes...
2026-09-26 15:41:21.910 [info] Getting sessions for read:user,user:email...
2026-09-26 15:41:21.910 [info] Got 0 sessions for read:user,user:email...
2026-09-26 15:41:21.928 [info] Getting sessions for all scopes...
2026-09-26 15:41:21.928 [info] Got 0 sessions for all scopes...
2026-09-26 15:41:21.931 [info] Getting sessions for repo...
2026-09-26 15:41:21.931 [info] Got 0 sessions for repo...
2026-09-26 15:41:21.941 [info] Getting sessions for all scopes...
2026-09-26 15:41:21.941 [info] Got 0 sessions for all scopes...
2026-09-26 15:41:23.996 [info] Getting sessions for all scopes...
2026-09-26 15:41:23.997 [info] Got 0 sessions for all scopes...
