2026-09-26 15:29:59.582 [info] Reading sessions from keychain...
2026-09-26 15:29:59.582 [info] Getting sessions for all scopes...
2026-09-26 15:29:59.594 [info] Got 0 sessions for all scopes...
2026-09-26 15:29:59.594 [info] Getting sessions for all scopes...
2026-09-26 15:29:59.594 [info] Got 0 sessions for all scopes...
2026-09-26 15:29:59.594 [info] Getting sessions for all scopes...
2026-09-26 15:29:59.594 [info] Got 0 sessions for all scopes...
2026-09-26 15:29:59.594 [info] Getting sessions for all scopes...
2026-09-26 15:29:59.594 [info] Got 0 sessions for all scopes...
2026-09-26 15:29:59.597 [info] Getting sessions for all scopes...
2026-09-26 15:29:59.597 [info] Got 0 sessions for all scopes...
2026-09-26 15:29:59.638 [info] Getting sessions for all scopes...
2026-09-26 15:29:59.638 [info] Got 0 sessions for all scopes...
2026-09-26 15:29:59.657 [info] Getting sessions for read:user,user:email...
2026-09-26 15:29:59.657 [info] Got 0 sessions for read:user,user:email...
2026-09-26 15:29:59.668 [info] Getting sessions for all scopes...
2026-09-26 15:29:59.668 [info] Got 0 sessions for all scopes...
2026-09-26 15:29:59.673 [info] Getting sessions for repo...
2026-09-26 15:29:59.673 [info] Got 0 sessions for repo...
2026-09-26 15:29:59.684 [info] Getting sessions for all scopes...
2026-09-26 15:29:59.684 [info] Got 0 sessions for all scopes...
2026-09-26 15:30:01.758 [info] Getting sessions for all scopes...
2026-09-26 15:30:01.759 [info] Got 0 sessions for all scopes...
