2026-09-26 15:42:11.636 [info] Reading sessions from keychain...
2026-09-26 15:42:11.636 [info] Getting sessions for all scopes...
2026-09-26 15:42:11.636 [info] Got 0 sessions for all scopes...
2026-09-26 15:42:11.636 [info] Getting sessions for all scopes...
2026-09-26 15:42:11.636 [info] Got 0 sessions for all scopes...
2026-09-26 15:42:11.636 [info] Getting sessions for all scopes...
2026-09-26 15:42:11.636 [info] Got 0 sessions for all scopes...
2026-09-26 15:42:11.636 [info] Getting sessions for all scopes...
2026-09-26 15:42:11.636 [info] Got 0 sessions for all scopes...
2026-09-26 15:42:11.639 [info] Getting sessions for all scopes...
2026-09-26 15:42:11.639 [info] Got 0 sessions for all scopes...
2026-09-26 15:42:11.689 [info] Getting sessions for read:user,user:email...
2026-09-26 15:42:11.689 [info] Got 0 sessions for read:user,user:email...
2026-09-26 15:42:11.704 [info] Getting sessions for all scopes...
2026-09-26 15:42:11.704 [info] Got 0 sessions for all scopes...
2026-09-26 15:42:11.711 [info] Getting sessions for repo...
2026-09-26 15:42:11.712 [info] Got 0 sessions for repo...
2026-09-26 15:42:11.738 [info] Getting sessions for all scopes...
2026-09-26 15:42:11.738 [info] Got 0 sessions for all scopes...
2026-09-26 15:42:11.745 [info] Getting sessions for all scopes...
2026-09-26 15:42:11.745 [info] Got 0 sessions for all scopes...
2026-09-26 15:42:13.808 [info] Getting sessions for all scopes...
2026-09-26 15:42:13.808 [info] Got 0 sessions for all scopes...
