2026-09-26 15:17:53.571 [info] Reading sessions from keychain...
2026-09-26 15:17:53.571 [info] Getting sessions for all scopes...
2026-09-26 15:17:53.571 [info] Got 0 sessions for all scopes...
2026-09-26 15:17:53.571 [info] Getting sessions for all scopes...
2026-09-26 15:17:53.571 [info] Got 0 sessions for all scopes...
2026-09-26 15:17:53.571 [info] Getting sessions for all scopes...
2026-09-26 15:17:53.571 [info] Got 0 sessions for all scopes...
2026-09-26 15:17:53.571 [info] Getting sessions for all scopes...
2026-09-26 15:17:53.572 [info] Got 0 sessions for all scopes...
2026-09-26 15:17:53.575 [info] Getting sessions for all scopes...
2026-09-26 15:17:53.575 [info] Got 0 sessions for all scopes...
2026-09-26 15:17:53.643 [info] Getting sessions for all scopes...
2026-09-26 15:17:53.643 [info] Got 0 sessions for all scopes...
2026-09-26 15:17:53.703 [info] Getting sessions for read:user,user:email...
2026-09-26 15:17:53.703 [info] Got 0 sessions for read:user,user:email...
2026-09-26 15:17:53.709 [info] Getting sessions for all scopes...
2026-09-26 15:17:53.709 [info] Got 0 sessions for all scopes...
2026-09-26 15:17:53.710 [info] Getting sessions for repo...
2026-09-26 15:17:53.710 [info] Got 0 sessions for repo...
2026-09-26 15:17:53.711 [info] Getting sessions for all scopes...
2026-09-26 15:17:53.711 [info] Got 0 sessions for all scopes...
2026-09-26 15:17:55.721 [info] Getting sessions for all scopes...
2026-09-26 15:17:55.721 [info] Got 0 sessions for all scopes...
