2026-09-26 15:42:38.989 [info] Reading sessions from keychain...
2026-09-26 15:42:38.989 [info] Getting sessions for all scopes...
2026-09-26 15:42:39.032 [info] Got 0 sessions for all scopes...
2026-09-26 15:42:39.032 [info] Getting sessions for all scopes...
2026-09-26 15:42:39.032 [info] Got 0 sessions for all scopes...
2026-09-26 15:42:39.033 [info] Getting sessions for all scopes...
2026-09-26 15:42:39.033 [info] Got 0 sessions for all scopes...
2026-09-26 15:42:39.033 [info] Getting sessions for all scopes...
2026-09-26 15:42:39.033 [info] Got 0 sessions for all scopes...
2026-09-26 15:42:39.057 [info] Getting sessions for all scopes...
2026-09-26 15:42:39.057 [info] Got 0 sessions for all scopes...
2026-09-26 15:42:39.208 [info] Getting sessions for all scopes...
2026-09-26 15:42:39.208 [info] Got 0 sessions for all scopes...
2026-09-26 15:42:39.219 [info] Getting sessions for read:user,user:email...
2026-09-26 15:42:39.219 [info] Got 0 sessions for read:user,user:email...
2026-09-26 15:42:39.225 [info] Getting sessions for all scopes...
2026-09-26 15:42:39.225 [info] Got 0 sessions for all scopes...
2026-09-26 15:42:39.226 [info] Getting sessions for repo...
2026-09-26 15:42:39.226 [info] Got 0 sessions for repo...
2026-09-26 15:42:39.226 [info] Getting sessions for all scopes...
2026-09-26 15:42:39.226 [info] Got 0 sessions for all scopes...
2026-09-26 15:42:41.157 [info] Getting sessions for all scopes...
2026-09-26 15:42:41.157 [info] Got 0 sessions for all scopes...
