2026-09-26 15:34:55.807 [info] Reading sessions from keychain...
2026-09-26 15:34:55.807 [info] Getting sessions for all scopes...
2026-09-26 15:34:55.847 [info] Got 0 sessions for all scopes...
2026-09-26 15:34:55.847 [info] Getting sessions for all scopes...
2026-09-26 15:34:55.847 [info] Got 0 sessions for all scopes...
2026-09-26 15:34:55.847 [info] Getting sessions for all scopes...
2026-09-26 15:34:55.847 [info] Got 0 sessions for all scopes...
2026-09-26 15:34:55.847 [info] Getting sessions for all scopes...
2026-09-26 15:34:55.847 [info] Got 0 sessions for all scopes...
2026-09-26 15:34:55.872 [info] Getting sessions for all scopes...
2026-09-26 15:34:55.872 [info] Got 0 sessions for all scopes...
2026-09-26 15:34:55.971 [info] Getting sessions for all scopes...
2026-09-26 15:34:55.971 [info] Got 0 sessions for all scopes...
2026-09-26 15:34:56.045 [info] Getting sessions for read:user,user:email...
2026-09-26 15:34:56.045 [info] Got 0 sessions for read:user,user:email...
2026-09-26 15:34:56.052 [info] Getting sessions for all scopes...
2026-09-26 15:34:56.052 [info] Got 0 sessions for all scopes...
2026-09-26 15:34:56.053 [info] Getting sessions for repo...
2026-09-26 15:34:56.053 [info] Got 0 sessions for repo...
2026-09-26 15:34:56.053 [info] Getting sessions for all scopes...
2026-09-26 15:34:56.053 [info] Got 0 sessions for all scopes...
2026-09-26 15:34:57.981 [info] Getting sessions for all scopes...
2026-09-26 15:34:57.981 [info] Got 0 sessions for all scopes...
