2026-09-26 15:28:07.904 [info] [main] Log level: Info
2026-09-26 15:28:07.904 [info] [main] Validating found git in: "git"
2026-09-26 15:28:07.904 [info] [main] Using git "2.55.0" from "git"
2026-09-26 15:28:07.904 [info] [Model][doInitialScan] Initial repository scan started
2026-09-26 15:28:07.904 [info] > git rev-parse --show-toplevel [7ms]
2026-09-26 15:28:07.904 [info] fatal: not a git repository (or any parent up to mount point /)
Stopping at filesystem boundary (GIT_DISCOVERY_ACROSS_FILESYSTEM not set).
2026-09-26 15:28:07.904 [info] [Model][doInitialScan] Initial repository scan completed - repositories (0), closed repositories (0), parent repositories (0), unsafe repositories (0)
2026-09-26 15:28:07.904 [info] > git rev-parse --show-toplevel [1ms]
2026-09-26 15:28:07.904 [info] fatal: not a git repository (or any parent up to mount point /)
Stopping at filesystem boundary (GIT_DISCOVERY_ACROSS_FILESYSTEM not set).
2026-09-26 15:28:07.917 [info] > git rev-parse --show-toplevel [10ms]
2026-09-26 15:28:07.917 [info] fatal: not a git repository (or any parent up to mount point /)
Stopping at filesystem boundary (GIT_DISCOVERY_ACROSS_FILESYSTEM not set).
2026-09-26 15:28:07.984 [info] > git rev-parse --show-toplevel [0ms]
2026-09-26 15:28:07.984 [info] fatal: not a git repository (or any parent up to mount point /)
Stopping at filesystem boundary (GIT_DISCOVERY_ACROSS_FILESYSTEM not set).
2026-09-26 15:28:08.044 [info] > git rev-parse --show-toplevel [1ms]
2026-09-26 15:28:08.044 [info] fatal: not a git repository (or any parent up to mount point /)
Stopping at filesystem boundary (GIT_DISCOVERY_ACROSS_FILESYSTEM not set).
2026-09-26 15:28:08.136 [info] > git rev-parse --show-toplevel [1ms]
2026-09-26 15:28:08.136 [info] fatal: not a git repository (or any parent up to mount point /)
Stopping at filesystem boundary (GIT_DISCOVERY_ACROSS_FILESYSTEM not set).
2026-09-26 15:28:09.301 [info] > git rev-parse --show-toplevel [1ms]
2026-09-26 15:28:09.301 [info] fatal: not a git repository (or any parent up to mount point /)
Stopping at filesystem boundary (GIT_DISCOVERY_ACROSS_FILESYSTEM not set).
2026-09-26 15:28:09.786 [info] > git rev-parse --show-toplevel [0ms]
2026-09-26 15:28:09.786 [info] fatal: not a git repository (or any parent up to mount point /)
Stopping at filesystem boundary (GIT_DISCOVERY_ACROSS_FILESYSTEM not set).
2026-09-26 15:28:09.961 [info] > git rev-parse --show-toplevel [1ms]
2026-09-26 15:28:09.961 [info] fatal: not a git repository (or any parent up to mount point /)
Stopping at filesystem boundary (GIT_DISCOVERY_ACROSS_FILESYSTEM not set).
2026-09-26 15:28:10.412 [info] > git rev-parse --show-toplevel [1ms]
2026-09-26 15:28:10.412 [info] fatal: not a git repository (or any parent up to mount point /)
Stopping at filesystem boundary (GIT_DISCOVERY_ACROSS_FILESYSTEM not set).
2026-09-26 15:28:22.002 [info] > git rev-parse --show-toplevel [0ms]
2026-09-26 15:28:22.002 [info] fatal: not a git repository (or any parent up to mount point /)
Stopping at filesystem boundary (GIT_DISCOVERY_ACROSS_FILESYSTEM not set).
2026-09-26 15:28:23.231 [info] > git rev-parse --show-toplevel [1ms]
2026-09-26 15:28:23.231 [info] fatal: not a git repository (or any parent up to mount point /)
Stopping at filesystem boundary (GIT_DISCOVERY_ACROSS_FILESYSTEM not set).
