2026-09-26 15:28:07.826 [info] Reading sessions from keychain...
2026-09-26 15:28:07.826 [info] Getting sessions for all scopes...
2026-09-26 15:28:07.826 [info] Got 0 sessions for all scopes...
2026-09-26 15:28:07.826 [info] Getting sessions for all scopes...
2026-09-26 15:28:07.826 [info] Got 0 sessions for all scopes...
2026-09-26 15:28:07.826 [info] Getting sessions for all scopes...
2026-09-26 15:28:07.826 [info] Got 0 sessions for all scopes...
2026-09-26 15:28:07.826 [info] Getting sessions for all scopes...
2026-09-26 15:28:07.826 [info] Got 0 sessions for all scopes...
2026-09-26 15:28:07.826 [info] Getting sessions for all scopes...
2026-09-26 15:28:07.826 [info] Got 0 sessions for all scopes...
2026-09-26 15:28:07.892 [info] Getting sessions for read:user,user:email...
2026-09-26 15:28:07.892 [info] Got 0 sessions for read:user,user:email...
2026-09-26 15:28:07.917 [info] Getting sessions for all scopes...
2026-09-26 15:28:07.917 [info] Got 0 sessions for all scopes...
2026-09-26 15:28:07.937 [info] Getting sessions for repo...
2026-09-26 15:28:07.937 [info] Got 0 sessions for repo...
2026-09-26 15:28:07.942 [info] Getting sessions for all scopes...
2026-09-26 15:28:07.943 [info] Got 0 sessions for all scopes...
2026-09-26 15:28:07.946 [info] Getting sessions for all scopes...
2026-09-26 15:28:07.946 [info] Got 0 sessions for all scopes...
2026-09-26 15:28:09.984 [info] Getting sessions for all scopes...
2026-09-26 15:28:09.984 [info] Got 0 sessions for all scopes...
