2026-09-26 15:34:55.947 [info] [main] Log level: Info
2026-09-26 15:34:55.947 [info] [main] Validating found git in: "git"
2026-09-26 15:34:55.947 [info] [main] Using git "2.55.0" from "git"
2026-09-26 15:34:55.947 [info] [Model][doInitialScan] Initial repository scan started
2026-09-26 15:34:55.947 [info] > git rev-parse --show-toplevel [2ms]
2026-09-26 15:34:55.947 [info] fatal: not a git repository (or any parent up to mount point /)
Stopping at filesystem boundary (GIT_DISCOVERY_ACROSS_FILESYSTEM not set).
2026-09-26 15:34:55.951 [info] > git rev-parse --show-toplevel [0ms]
2026-09-26 15:34:55.951 [info] fatal: not a git repository (or any parent up to mount point /)
Stopping at filesystem boundary (GIT_DISCOVERY_ACROSS_FILESYSTEM not set).
2026-09-26 15:34:55.951 [info] [Model][doInitialScan] Initial repository scan completed - repositories (0), closed repositories (0), parent repositories (0), unsafe repositories (0)
2026-09-26 15:34:56.001 [info] > git rev-parse --show-toplevel [2ms]
2026-09-26 15:34:56.001 [info] fatal: not a git repository (or any parent up to mount point /)
Stopping at filesystem boundary (GIT_DISCOVERY_ACROSS_FILESYSTEM not set).
2026-09-26 15:34:56.005 [info] > git rev-parse --show-toplevel [1ms]
2026-09-26 15:34:56.005 [info] fatal: not a git repository (or any parent up to mount point /)
Stopping at filesystem boundary (GIT_DISCOVERY_ACROSS_FILESYSTEM not set).
2026-09-26 15:34:56.010 [info] > git rev-parse --show-toplevel [0ms]
2026-09-26 15:34:56.010 [info] fatal: not a git repository (or any parent up to mount point /)
Stopping at filesystem boundary (GIT_DISCOVERY_ACROSS_FILESYSTEM not set).
2026-09-26 15:34:56.150 [info] > git rev-parse --show-toplevel [1ms]
2026-09-26 15:34:56.150 [info] fatal: not a git repository (or any parent up to mount point /)
Stopping at filesystem boundary (GIT_DISCOVERY_ACROSS_FILESYSTEM not set).
2026-09-26 15:34:56.161 [info] > git rev-parse --show-toplevel [3ms]
2026-09-26 15:34:56.161 [info] fatal: not a git repository (or any parent up to mount point /)
Stopping at filesystem boundary (GIT_DISCOVERY_ACROSS_FILESYSTEM not set).
2026-09-26 15:34:56.194 [info] > git rev-parse --show-toplevel [0ms]
2026-09-26 15:34:56.194 [info] fatal: not a git repository (or any parent up to mount point /)
Stopping at filesystem boundary (GIT_DISCOVERY_ACROSS_FILESYSTEM not set).
2026-09-26 15:34:57.747 [info] > git rev-parse --show-toplevel [1ms]
2026-09-26 15:34:57.747 [info] fatal: not a git repository (or any parent up to mount point /)
Stopping at filesystem boundary (GIT_DISCOVERY_ACROSS_FILESYSTEM not set).
2026-09-26 15:34:57.973 [info] > git rev-parse --show-toplevel [2ms]
2026-09-26 15:34:57.973 [info] fatal: not a git repository (or any parent up to mount point /)
Stopping at filesystem boundary (GIT_DISCOVERY_ACROSS_FILESYSTEM not set).
