2025-05-12 23:01:50 Loading main app package /usr/lib/obsidian/obsidian.asar
2025-05-12 23:01:50 Checking for update using Github
2025-05-12 23:01:50 Success.
2025-05-12 23:01:50 Latest version is 1.8.10
2025-05-12 23:01:50 App is up to date.
2025-05-19 12:37:01 Loading main app package /usr/lib/obsidian/obsidian.asar
2025-05-19 12:37:01 Checking for update using Github
2025-05-19 12:37:02 Success.
2025-05-19 12:37:02 Latest version is 1.8.10
2025-05-19 12:37:02 App is up to date.
2025-05-19 14:46:50 Loading main app package /usr/lib/obsidian/obsidian.asar
2025-05-19 14:46:50 Checking for update using Github
2025-05-19 14:46:55 Success.
2025-05-19 14:46:55 Latest version is 1.8.10
2025-05-19 14:46:55 App is up to date.
2025-05-19 12:51:26 Loading main app package /usr/lib/obsidian/obsidian.asar
2025-05-19 12:51:26 Checking for update using Github
2025-05-19 12:51:26 Success.
2025-05-19 12:51:26 Latest version is 1.8.10
2025-05-19 12:51:26 App is up to date.
2025-05-19 13:07:40 Loading main app package /usr/lib/obsidian/obsidian.asar
2025-05-19 13:07:40 Checking for update using Github
2025-05-19 13:07:41 Success.
2025-05-19 13:07:41 Latest version is 1.8.10
2025-05-19 13:07:41 App is up to date.
