2026-09-26 15:41:21.884 [info] [main] Log level: Info
2026-09-26 15:41:21.884 [info] [main] Validating found git in: "git"
2026-09-26 15:41:21.884 [info] [main] Using git "2.55.0" from "git"
2026-09-26 15:41:21.884 [info] [Model][doInitialScan] Initial repository scan started
2026-09-26 15:41:21.884 [info] > git rev-parse --show-toplevel [3ms]
2026-09-26 15:41:21.884 [info] fatal: not a git repository (or any parent up to mount point /)
Stopping at filesystem boundary (GIT_DISCOVERY_ACROSS_FILESYSTEM not set).
2026-09-26 15:41:21.884 [info] > git rev-parse --show-toplevel [1ms]
2026-09-26 15:41:21.884 [info] fatal: not a git repository (or any parent up to mount point /)
Stopping at filesystem boundary (GIT_DISCOVERY_ACROSS_FILESYSTEM not set).
2026-09-26 15:41:21.884 [info] [Model][doInitialScan] Initial repository scan completed - repositories (0), closed repositories (0), parent repositories (0), unsafe repositories (0)
2026-09-26 15:41:21.927 [info] > git rev-parse --show-toplevel [1ms]
2026-09-26 15:41:21.927 [info] fatal: not a git repository (or any parent up to mount point /)
Stopping at filesystem boundary (GIT_DISCOVERY_ACROSS_FILESYSTEM not set).
2026-09-26 15:41:21.931 [info] > git rev-parse --show-toplevel [0ms]
2026-09-26 15:41:21.931 [info] fatal: not a git repository (or any parent up to mount point /)
Stopping at filesystem boundary (GIT_DISCOVERY_ACROSS_FILESYSTEM not set).
2026-09-26 15:41:22.019 [info] > git rev-parse --show-toplevel [1ms]
2026-09-26 15:41:22.019 [info] fatal: not a git repository (or any parent up to mount point /)
Stopping at filesystem boundary (GIT_DISCOVERY_ACROSS_FILESYSTEM not set).
2026-09-26 15:41:22.054 [info] > git rev-parse --show-toplevel [1ms]
2026-09-26 15:41:22.054 [info] fatal: not a git repository (or any parent up to mount point /)
Stopping at filesystem boundary (GIT_DISCOVERY_ACROSS_FILESYSTEM not set).
2026-09-26 15:41:22.081 [info] > git rev-parse --show-toplevel [1ms]
2026-09-26 15:41:22.081 [info] fatal: not a git repository (or any parent up to mount point /)
Stopping at filesystem boundary (GIT_DISCOVERY_ACROSS_FILESYSTEM not set).
2026-09-26 15:41:23.682 [info] > git rev-parse --show-toplevel [0ms]
2026-09-26 15:41:23.682 [info] fatal: not a git repository (or any parent up to mount point /)
Stopping at filesystem boundary (GIT_DISCOVERY_ACROSS_FILESYSTEM not set).
2026-09-26 15:41:23.968 [info] > git rev-parse --show-toplevel [1ms]
2026-09-26 15:41:23.968 [info] fatal: not a git repository (or any parent up to mount point /)
Stopping at filesystem boundary (GIT_DISCOVERY_ACROSS_FILESYSTEM not set).
2026-09-26 15:41:27.968 [info] > git rev-parse --show-toplevel [1ms]
2026-09-26 15:41:27.968 [info] fatal: not a git repository (or any parent up to mount point /)
Stopping at filesystem boundary (GIT_DISCOVERY_ACROSS_FILESYSTEM not set).
2026-09-26 15:41:29.238 [info] > git rev-parse --show-toplevel [1ms]
2026-09-26 15:41:29.238 [info] fatal: not a git repository (or any parent up to mount point /)
Stopping at filesystem boundary (GIT_DISCOVERY_ACROSS_FILESYSTEM not set).
